2026-01-16 12:24:12,664 [INFO] Fetched query history for display
2026-01-16 12:26:38,354 [INFO] Fetched query history for display
2026-01-16 12:27:03,458 [INFO] Fetched query history for display
2026-01-16 12:27:26,913 [INFO] Cached Location: Wigan
2026-01-16 12:27:26,914 [INFO] Cached Date: 2024-01-01
2026-01-16 12:27:26,914 [INFO] API Handler Initialized.
2026-01-16 12:27:26,914 [INFO] Connecting to API for location Wigan...
2026-01-16 12:27:27,411 [INFO] | JSON Recieved | Data Present and Formatted Correctly |
2026-01-16 12:27:27,411 [INFO] Success with Key ending in ..9M4B
2026-01-16 12:27:27,413 [INFO] Running Report Menu
2026-01-16 12:27:28,496 [INFO] User selected option 1 in Report Menu
2026-01-16 12:27:28,496 [INFO] Hourly breakdown available for this date, using hourly data
2026-01-16 12:27:28,497 [INFO] Simple Analysis Report Generated
2026-01-16 12:27:31,752 [INFO] Hourly breakdown available for this date, using hourly data
2026-01-16 12:27:31,753 [INFO] Simple Analysis Report Generated
2026-01-16 12:27:32,272 [INFO] Hourly breakdown available for this date, using hourly data
2026-01-16 12:27:32,273 [INFO] Simple Analysis Report Generated
2026-01-16 12:27:32,657 [INFO] Hourly breakdown available for this date, using hourly data
2026-01-16 12:27:32,657 [INFO] Simple Analysis Report Generated
2026-01-16 12:27:33,025 [INFO] Hourly breakdown available for this date, using hourly data
2026-01-16 12:27:33,025 [INFO] Simple Analysis Report Generated
2026-01-16 12:27:34,264 [INFO] User selected option 2 in Report Menu
2026-01-16 12:27:34,265 [INFO] Detailed Table Report Generated
2026-01-16 12:27:38,689 [INFO] Detailed Table Report Generated
2026-01-16 12:27:39,369 [INFO] Detailed Table Report Generated
2026-01-16 12:27:39,745 [INFO] Detailed Table Report Generated
2026-01-16 12:27:40,113 [INFO] Detailed Table Report Generated
